1
4
42
84
123
244

STATISTICS _____________________________
   #Instructions:129
    (move-ops mem:24, reglit:39)
    ( int-ops mem:35, reglit:31)
    (  fp-ops mem:0, reglit:0)
   Memory Usage (mem:59,reg:4270636)
      register-use[2,2,10,8,2,3,8,2,3,8,2,3,6,9,8,12,8,12,0,0,0,0,0,0,0,0,0,0,0,0,0,0,0,0,0,0,0,0,0,0,0,0,0,0,0,0,0,0,0,0,0,0,0,0,0,0,0,0,0,0,0,0,0,0,0,0,0,0,0,0,0,0,0,0,0,0,0,0,0,0,0,0,0,0,0,0,0,0,0,0,0,0,0,0,0,0,0,0,0,0,0,0,0,0,0,0,0,0,0,0,0,0,0,0,0,0,0,0,0,0,0,0,0,0,0,0,0,0,0,0,0,0,0,0,0,0,0,0,0,0,0,0,0,0,0,0,0,0,0,0,0,0,0,0,0,0,0,0,0,0,0,0,0,0,0,0,0,0,0,0,0,0,0,0,0,0,0,0,0,0,0,0,0,0,0,0,0,0,0,0,0,0,0,0,0,0,0,0,0,0]
   Total Cycles = 302
OTHER STATSvvvvvvvvvvvvvvvvvvvvvvvvvvvvvvvvvvvvvvvv
    (int-ops:37, fp-ops:0)
    (branches:22)
      peephole-ops:0
