2.645755
STATISTICS _____________________________
   #Instructions:160
    (move-ops mem:58, reglit:32)
    ( int-ops mem:7, reglit:32)
    (  fp-ops mem:21, reglit:10)
   Memory Usage (mem:86,reg:4270679)
      register-use[2,2,12,2,2,2,12,10,15,10,15,15,15,15,10,10,2,0,0,0,0,0,0,0,0,0,0,0,0,0,0,0,0,0,0,0,0,0,0,0,0,0,0,0,0,0,0,0,0,0,0,0,0,0,0,0,0,0,0,0,0,0,0,0,0,0,0,0,0,0,0,0,0,0,0,0,0,0,0,0,0,0,0,0,0,0,0,0,0,0,0,0,0,0,0,0,0,0,0,0,0,0,0,0,0,0,0,0,0,0,0,0,0,0,0,0,0,0,0,0,0,0,0,0,0,0,0,0,0,0,0,0,0,0,0,0,0,0,0,0,0,0,0,0,0,0,0,0,0,0,0,0,0,0,0,0,0,0,0,0,0,0,0,0,0,0,0,0,0,0,0,0,0,0,0,0,0,0,0,0,0,0,0,0,0,0,0,0,0,0,0,0,0,0,0,0,0,0,0,0]
   Total Cycles = 483
OTHER STATSvvvvvvvvvvvvvvvvvvvvvvvvvvvvvvvvvvvvvvvv
    (int-ops:11, fp-ops:31)
    (branches:26)
      peephole-ops:0
